python : FF
At line:1 char:1
+ python tests/test_re
namer_logic.py > test_
output.txt 2>&1
+ ~~~~~~~~~~~~~~~~~~~~
~~~~~~~~~~~~~~~~~~~~~~
~~~~~~~~~~~~~~~
    + CategoryInfo    
          : NotSpeci  
  fied: (FF:String)   
  [], RemoteExcept    
ion
    + FullyQualifiedE 
   rrorId : NativeCo  
  mmandError
 
======================
======================
======================
====
FAIL: test_file_name_r
ule_title_case (__main
__.TestRenamerLogic.te
st_file_name_rule_titl
e_case)
----------------------
----------------------
----------------------
----
Traceback (most recent
 call last):
  File "C:\Users\georg
\OneDrive\Desktop\file
-rename-with-GUI\tests
\test_renamer_logic.py
", line 20, in test_fi
le_name_rule_title_cas
e
    self.assertEqual(f
ile_name_rule("vacatio
n_photo.PNG"), "Vacati
on_photo.PNG") # under
scores might be treate
d as part of word by t
itle() depending on im
plementation, let's ch
eck current behavior.
    ~~~~~~~~~~~~~~~~^^
^^^^^^^^^^^^^^^^^^^^^^
^^^^^^^^^^^^^^^^^^^^^^
^^^^^^^^^^^^^^
AssertionError: 'Vacat
ion_Photo.PNG' != 'Vac
ation_photo.PNG'
- Vacation_Photo.PNG
?          ^
+ Vacation_photo.PNG
?          ^


======================
======================
======================
====
FAIL: test_folder_name
_rule (__main__.TestRe
namerLogic.test_folder
_name_rule)
----------------------
----------------------
----------------------
----
Traceback (most recent
 call last):
  File "C:\Users\georg
\OneDrive\Desktop\file
-rename-with-GUI\tests
\test_renamer_logic.py
", line 31, in test_fo
lder_name_rule
    self.assertEqual(f
older_name_rule("1. my
 folder"), "1. MY FOLD
ER")
    ~~~~~~~~~~~~~~~~^^
^^^^^^^^^^^^^^^^^^^^^^
^^^^^^^^^^^^^^^^^^^^^^
^^^^
AssertionError: '1.MY 
FOLDER' != '1. MY FOLD
ER'
- 1.MY FOLDER
+ 1. MY FOLDER
?   +


----------------------
----------------------
----------------------
----
Ran 2 tests in 0.001s

FAILED (failures=2)
